regeshengen@MSVirtualMachine-1:~$ sudo docker service logs --since 2m --timestamps mystack_user-publication-service
2025-11-21T00:43:11.308025322Z mystack_user-publication-service.2.kh707wmnhznp@MSVirtualMachine-1    | 2025-11-21T00:43:11.307Z  INFO 1 --- [app] [nio-8081-exec-1] o.a.c.c.C.[Tomcat].[localhost].[/]       : Initializing Spring DispatcherServlet 'dispatcherServlet'
2025-11-21T00:43:11.308874644Z mystack_user-publication-service.2.kh707wmnhznp@MSVirtualMachine-1    | 2025-11-21T00:43:11.308Z  INFO 1 --- [app] [nio-8081-exec-1] o.s.web.servlet.DispatcherServlet        : Initializing Servlet 'dispatcherServlet'
2025-11-21T00:43:11.311164202Z mystack_user-publication-service.2.kh707wmnhznp@MSVirtualMachine-1    | 2025-11-21T00:43:11.310Z  INFO 1 --- [app] [nio-8081-exec-1] o.s.web.servlet.DispatcherServlet        : Completed initialization in 2 ms

2025-11-21T00:43:13.023364280Z mystack_user-publication-service.2.kh707wmnhznp@MSVirtualMachine-1    | [Java Service] Recebido upload. Título original: Title of Publication | RequestId: ba516fa6-f040-41e2-b3eb-99dddffd5879
2025-11-21T00:43:13.106008193Z mystack_user-publication-service.2.kh707wmnhznp@MSVirtualMachine-1    | [Java Service] Metadados da imagem extraídos com sucesso. Tags encontradas: 145 | RequestId: ba516fa6-f040-41e2-b3eb-99dddffd5879
2025-11-21T00:43:13.106366202Z mystack_user-publication-service.2.kh707wmnhznp@MSVirtualMachine-1    | [Java Service] Buscando dados do usuário em: http://user-auth-service:8080/api/v1/uuid/a3b8d4f6-7e1c-4b9a-9d0f-2c5e1a8b7c6d | RequestId: ba516fa6-f040-41e2-b3eb-99dddffd5879
2025-11-21T00:43:13.281752486Z mystack_user-publication-service.2.kh707wmnhznp@MSVirtualMachine-1    | [Java Service] Dados do usuário recebidos: admin | RequestId: ba516fa6-f040-41e2-b3eb-99dddffd5879
2025-11-21T00:43:13.282859614Z mystack_user-publication-service.2.kh707wmnhznp@MSVirtualMachine-1    | [Java Service] Enviando payload combinado para o serviço Node.js em: http://get-data:8083/process-java-payload | RequestId: ba516fa6-f040-41e2-b3eb-99dddffd5879
2025-11-21T00:43:13.418343078Z mystack_user-publication-service.2.kh707wmnhznp@MSVirtualMachine-1    | [Java Service] Resposta do serviço Node.js recebida. Status: 200 OK | RequestId: ba516fa6-f040-41e2-b3eb-99dddffd5879

regeshengen@MSVirtualMachine-1:~$ sudo docker service logs --since 5m --timestamps mystack_user-auth-service
2025-11-21T00:43:13.251596548Z mystack_user-auth-service.2.pbuv7micbce6@MSVirtualMachine-2    | [Java Service] Usuário encontrado por UUID: admin (a3b8d4f6-7e1c-4b9a-9d0f-2c5e1a8b7c6d) | RequestId: ba516fa6-f040-41e2-b3eb-99dddffd5879

regeshengen@MSVirtualMachine-1:~$ sudo docker service logs --since 5m --timestamps mystack_get-data
2025-11-21T00:43:13.335371088Z mystack_get-data.1.bg1jxrrx7846@MSVirtualMachine-2    | [Service 1 - Rota /process-java-payload] Payload do serviço Java recebido. | RequestId: ba516fa6-f040-41e2-b3eb-99dddffd5879
2025-11-21T00:43:13.335405816Z mystack_get-data.1.bg1jxrrx7846@MSVirtualMachine-2    | [Service 1] Payload adaptado. Enviando para o serviço de otimização... | RequestId: ba516fa6-f040-41e2-b3eb-99dddffd5879
2025-11-21T00:43:13.419636123Z mystack_get-data.1.bg1jxrrx7846@MSVirtualMachine-2    | [Service 1] Dados do Java enviados com sucesso para o serviço 2. | RequestId: ba516fa6-f040-41e2-b3eb-99dddffd5879

regeshengen@MSVirtualMachine-1:~$ sudo docker service logs --since 5m --timestamps mystack_optimize-data
2025-11-21T00:43:13.362523951Z mystack_optimize-data.1.17yf8tfi9p6u@MSVirtualMachine-1    | [Service 2] Dados de 'IMG_6160.jpeg' recebidos da fonte 'java-microservice'. Padronizando... | RequestId: ba516fa6-f040-41e2-b3eb-99dddffd5879
2025-11-21T00:43:13.363159067Z mystack_optimize-data.1.17yf8tfi9p6u@MSVirtualMachine-1    | [Service 2] Padronização completa. Enviando documento final para o serviço de upload...
2025-11-21T00:43:13.407163892Z mystack_optimize-data.1.17yf8tfi9p6u@MSVirtualMachine-1    | [Service 2] Documento enviado com sucesso para o serviço 3. | RequestId: ba516fa6-f040-41e2-b3eb-99dddffd5879

regeshengen@MSVirtualMachine-1:~$ sudo docker service logs --since 5m --timestamps mystack_upload-data
2025-11-21T00:43:13.392781525Z mystack_upload-data.2.n538y34tnmcy@MSVirtualMachine-1    | [Service 3] Recebendo metadados de 'undefined' para salvar. | RequestId: ba516fa6-f040-41e2-b3eb-99dddffd5879
2025-11-21T00:43:13.397514246Z mystack_upload-data.2.n538y34tnmcy@MSVirtualMachine-1    | [Service 3] Metadados salvos com sucesso. ID: 691fb5a1fa53a04ec055e8e6 | RequestId: ba516fa6-f040-41e2-b3eb-99dddffd5879

regeshengen@MSVirtualMachine-1:~$ sudo docker service logs --since 5m --timestamps mystack_mongo
2025-11-21T00:41:11.023680290Z mystack_mongo.1.j55xcxv72jtg@MSVirtualMachine-1    | {"t":{"$date":"2025-11-21T00:41:11.023+00:00"},"s":"I",  "c":"WTCHKPT",  "id":22430,   "ctx":"Checkpointer","msg":"WiredTiger message","attr":{"message":{"ts_sec":1763685671,"ts_usec":23416,"thread":"1:0x7c15f21516c0","session_name":"WT_SESSION.checkpoint","category":"WT_VERB_CHECKPOINT_PROGRESS","log_id":1000000,"category_id":7,"verbose_level":"INFO","verbose_level_id":0,"msg":"saving checkpoint snapshot min: 8, snapshot max: 8 snapshot count: 0, oldest timestamp: (0, 0) , meta checkpoint timestamp: (0, 0) base write gen: 8275"}}}
2025-11-21T00:42:11.067250373Z mystack_mongo.1.j55xcxv72jtg@MSVirtualMachine-1    | {"t":{"$date":"2025-11-21T00:42:11.066+00:00"},"s":"I",  "c":"WTCHKPT",  "id":22430,   "ctx":"Checkpointer","msg":"WiredTiger message","attr":{"message":{"ts_sec":1763685731,"ts_usec":66842,"thread":"1:0x7c15f21516c0","session_name":"WT_SESSION.checkpoint","category":"WT_VERB_CHECKPOINT_PROGRESS","log_id":1000000,"category_id":7,"verbose_level":"INFO","verbose_level_id":0,"msg":"saving checkpoint snapshot min: 10, snapshot max: 10 snapshot count: 0, oldest timestamp: (0, 0) , meta checkpoint timestamp: (0, 0) base write gen: 8275"}}}
2025-11-21T00:43:11.112225616Z mystack_mongo.1.j55xcxv72jtg@MSVirtualMachine-1    | {"t":{"$date":"2025-11-21T00:43:11.111+00:00"},"s":"I",  "c":"WTCHKPT",  "id":22430,   "ctx":"Checkpointer","msg":"WiredTiger message","attr":{"message":{"ts_sec":1763685791,"ts_usec":111902,"thread":"1:0x7c15f21516c0","session_name":"WT_SESSION.checkpoint","category":"WT_VERB_CHECKPOINT_PROGRESS","log_id":1000000,"category_id":7,"verbose_level":"INFO","verbose_level_id":0,"msg":"saving checkpoint snapshot min: 12, snapshot max: 12 snapshot count: 0, oldest timestamp: (0, 0) , meta checkpoint timestamp: (0, 0) base write gen: 8275"}}}
2025-11-21T00:44:11.164959121Z mystack_mongo.1.j55xcxv72jtg@MSVirtualMachine-1    | {"t":{"$date":"2025-11-21T00:44:11.164+00:00"},"s":"I",  "c":"WTCHKPT",  "id":22430,   "ctx":"Checkpointer","msg":"WiredTiger message","attr":{"message":{"ts_sec":1763685851,"ts_usec":164689,"thread":"1:0x7c15f21516c0","session_name":"WT_SESSION.checkpoint","category":"WT_VERB_CHECKPOINT_PROGRESS","log_id":1000000,"category_id":7,"verbose_level":"INFO","verbose_level_id":0,"msg":"saving checkpoint snapshot min: 15, snapshot max: 15 snapshot count: 0, oldest timestamp: (0, 0) , meta checkpoint timestamp: (0, 0) base write gen: 8275"}}}
2025-11-21T00:45:11.198294266Z mystack_mongo.1.j55xcxv72jtg@MSVirtualMachine-1    | {"t":{"$date":"2025-11-21T00:45:11.198+00:00"},"s":"I",  "c":"WTCHKPT",  "id":22430,   "ctx":"Checkpointer","msg":"WiredTiger message","attr":{"message":{"ts_sec":1763685911,"ts_usec":197963,"thread":"1:0x7c15f21516c0","session_name":"WT_SESSION.checkpoint","category":"WT_VERB_CHECKPOINT_PROGRESS","log_id":1000000,"category_id":7,"verbose_level":"INFO","verbose_level_id":0,"msg":"saving checkpoint snapshot min: 16, snapshot max: 16 snapshot count: 0, oldest timestamp: (0, 0) , meta checkpoint timestamp: (0, 0) base write gen: 8275"}}}
2025-11-21T00:40:29.923241175Z mystack_mongo.2.7iga56khbbsy@MSVirtualMachine-2    | {"t":{"$date":"2025-11-21T00:40:29.923+00:00"},"s":"I",  "c":"WTCHKPT",  "id":22430,   "ctx":"Checkpointer","msg":"WiredTiger message","attr":{"message":{"ts_sec":1763685629,"ts_usec":922975,"thread":"1:0x71a52fac76c0","session_name":"WT_SESSION.checkpoint","category":"WT_VERB_CHECKPOINT_PROGRESS","log_id":1000000,"category_id":7,"verbose_level":"INFO","verbose_level_id":0,"msg":"saving checkpoint snapshot min: 6, snapshot max: 6 snapshot count: 0, oldest timestamp: (0, 0) , meta checkpoint timestamp: (0, 0) base write gen: 4042"}}}
2025-11-21T00:41:29.942750061Z mystack_mongo.2.7iga56khbbsy@MSVirtualMachine-2    | {"t":{"$date":"2025-11-21T00:41:29.942+00:00"},"s":"I",  "c":"WTCHKPT",  "id":22430,   "ctx":"Checkpointer","msg":"WiredTiger message","attr":{"message":{"ts_sec":1763685689,"ts_usec":942549,"thread":"1:0x71a52fac76c0","session_name":"WT_SESSION.checkpoint","category":"WT_VERB_CHECKPOINT_PROGRESS","log_id":1000000,"category_id":7,"verbose_level":"INFO","verbose_level_id":0,"msg":"saving checkpoint snapshot min: 7, snapshot max: 7 snapshot count: 0, oldest timestamp: (0, 0) , meta checkpoint timestamp: (0, 0) base write gen: 4042"}}}
2025-11-21T00:42:29.966480252Z mystack_mongo.2.7iga56khbbsy@MSVirtualMachine-2    | {"t":{"$date":"2025-11-21T00:42:29.966+00:00"},"s":"I",  "c":"WTCHKPT",  "id":22430,   "ctx":"Checkpointer","msg":"WiredTiger message","attr":{"message":{"ts_sec":1763685749,"ts_usec":966221,"thread":"1:0x71a52fac76c0","session_name":"WT_SESSION.checkpoint","category":"WT_VERB_CHECKPOINT_PROGRESS","log_id":1000000,"category_id":7,"verbose_level":"INFO","verbose_level_id":0,"msg":"saving checkpoint snapshot min: 8, snapshot max: 8 snapshot count: 0, oldest timestamp: (0, 0) , meta checkpoint timestamp: (0, 0) base write gen: 4042"}}}
2025-11-21T00:43:29.986112452Z mystack_mongo.2.7iga56khbbsy@MSVirtualMachine-2    | {"t":{"$date":"2025-11-21T00:43:29.985+00:00"},"s":"I",  "c":"WTCHKPT",  "id":22430,   "ctx":"Checkpointer","msg":"WiredTiger message","attr":{"message":{"ts_sec":1763685809,"ts_usec":985896,"thread":"1:0x71a52fac76c0","session_name":"WT_SESSION.checkpoint","category":"WT_VERB_CHECKPOINT_PROGRESS","log_id":1000000,"category_id":7,"verbose_level":"INFO","verbose_level_id":0,"msg":"saving checkpoint snapshot min: 9, snapshot max: 9 snapshot count: 0, oldest timestamp: (0, 0) , meta checkpoint timestamp: (0, 0) base write gen: 4042"}}}
2025-11-21T00:44:30.004946077Z mystack_mongo.2.7iga56khbbsy@MSVirtualMachine-2    | {"t":{"$date":"2025-11-21T00:44:30.004+00:00"},"s":"I",  "c":"WTCHKPT",  "id":22430,   "ctx":"Checkpointer","msg":"WiredTiger message","attr":{"message":{"ts_sec":1763685870,"ts_usec":4628,"thread":"1:0x71a52fac76c0","session_name":"WT_SESSION.checkpoint","category":"WT_VERB_CHECKPOINT_PROGRESS","log_id":1000000,"category_id":7,"verbose_level":"INFO","verbose_level_id":0,"msg":"saving checkpoint snapshot min: 10, snapshot max: 10 snapshot count: 0, oldest timestamp: (0, 0) , meta checkpoint timestamp: (0, 0) base write gen: 4042"}}}
regeshengen@MSVirtualMachine-1:~$ 