regeshengen@MSVirtualMachine-1:~$ sudo docker service logs --since 5m --timestamps mystack_user-publication-service
2025-11-07T01:13:42.748028648Z mystack_user-publication-service.2.80auxfgukb4n@MSVirtualMachine-1    | 2025-11-07T01:13:42.746Z  INFO 1 --- [app] [nio-8081-exec-1] o.a.c.c.C.[Tomcat].[localhost].[/]       : Initializing Spring DispatcherServlet 'dispatcherServlet'
2025-11-07T01:13:42.748097248Z mystack_user-publication-service.2.80auxfgukb4n@MSVirtualMachine-1    | 2025-11-07T01:13:42.747Z  INFO 1 --- [app] [nio-8081-exec-1] o.s.web.servlet.DispatcherServlet        : Initializing Servlet 'dispatcherServlet'
2025-11-07T01:13:42.750290176Z mystack_user-publication-service.2.80auxfgukb4n@MSVirtualMachine-1    | 2025-11-07T01:13:42.749Z  INFO 1 --- [app] [nio-8081-exec-1] o.s.web.servlet.DispatcherServlet        : Completed initialization in 2 ms
2025-11-07T01:13:44.744936139Z mystack_user-publication-service.2.80auxfgukb4n@MSVirtualMachine-1    | [Java Service] Recebido upload. Título original: Title of Publication
2025-11-07T01:13:44.883938592Z mystack_user-publication-service.2.80auxfgukb4n@MSVirtualMachine-1    | [Java Service] Metadados da imagem extraídos com sucesso. Tags encontradas: 145
2025-11-07T01:13:44.883988193Z mystack_user-publication-service.2.80auxfgukb4n@MSVirtualMachine-1    | [Java Service] Buscando dados do usuário em: http://user-auth-service:8080/api/v1/uuid/a3b8d4f6-7e1c-4b9a-9d0f-2c5e1a8b7c6d
2025-11-07T01:13:45.770448575Z mystack_user-publication-service.2.80auxfgukb4n@MSVirtualMachine-1    | [Java Service] Dados do usuário recebidos: admin
2025-11-07T01:13:45.771441988Z mystack_user-publication-service.2.80auxfgukb4n@MSVirtualMachine-1    | [Java Service] Enviando payload combinado para o serviço Node.js em: http://get-data:8083/process-java-payload
2025-11-07T01:13:46.373440856Z mystack_user-publication-service.2.80auxfgukb4n@MSVirtualMachine-1    | [Java Service] Resposta do serviço Node.js recebida. Status: 200 OK

regeshengen@MSVirtualMachine-1:~$ sudo docker service logs --since 5m --timestamps mystack_user-auth-service
2025-11-07T01:13:45.348350251Z mystack_user-auth-service.1.tsw2nwmxqz0z@MSVirtualMachine-1    | 2025-11-07T01:13:45.345Z  INFO 1 --- [demo] [nio-8080-exec-1] o.a.c.c.C.[Tomcat].[localhost].[/]       : Initializing Spring DispatcherServlet 'dispatcherServlet'
2025-11-07T01:13:45.348971858Z mystack_user-auth-service.1.tsw2nwmxqz0z@MSVirtualMachine-1    | 2025-11-07T01:13:45.348Z  INFO 1 --- [demo] [nio-8080-exec-1] o.s.web.servlet.DispatcherServlet        : Initializing Servlet 'dispatcherServlet'
2025-11-07T01:13:45.354817632Z mystack_user-auth-service.1.tsw2nwmxqz0z@MSVirtualMachine-1    | 2025-11-07T01:13:45.354Z  INFO 1 --- [demo] [nio-8080-exec-1] o.s.web.servlet.DispatcherServlet        : Completed initialization in 5 ms
2025-11-07T01:13:45.507920064Z mystack_user-auth-service.1.tsw2nwmxqz0z@MSVirtualMachine-1    | [Java Service] Usuário encontrado por UUID: admin (a3b8d4f6-7e1c-4b9a-9d0f-2c5e1a8b7c6d)

regeshengen@MSVirtualMachine-1:~$ sudo docker service logs --since 5m --timestamps mystack_get-data
2025-11-07T01:13:45.897245175Z mystack_get-data.2.gx0lnh0ktgid@MSVirtualMachine-1    | [Service 1 - Rota /process-java-payload] Payload do serviço Java recebido.
2025-11-07T01:13:45.897663180Z mystack_get-data.2.gx0lnh0ktgid@MSVirtualMachine-1    | [Service 1] Payload adaptado. Enviando para o serviço de otimização...
2025-11-07T01:13:46.357728497Z mystack_get-data.2.gx0lnh0ktgid@MSVirtualMachine-1    | [Service 1] Dados do Java enviados com sucesso para o serviço 2.

regeshengen@MSVirtualMachine-1:~$ sudo docker service logs --since 5m --timestamps mystack_optimize-data
2025-11-07T01:13:46.003983967Z mystack_optimize-data.2.lc5bhcq3oe78@MSVirtualMachine-2    | [Service 2] Dados de 'IMG_6160.jpeg' recebidos da fonte 'java-microservice'. Padronizando...
2025-11-07T01:13:46.004018522Z mystack_optimize-data.2.lc5bhcq3oe78@MSVirtualMachine-2    | [Service 2] Padronização completa. Enviando documento final para o serviço de upload...
2025-11-07T01:13:46.300772384Z mystack_optimize-data.2.lc5bhcq3oe78@MSVirtualMachine-2    | [Service 2] Documento enviado com sucesso para o serviço 3.

regeshengen@MSVirtualMachine-1:~$ sudo docker service logs --since 5m --timestamps mystack_upload-data
2025-11-07T01:13:46.097388100Z mystack_upload-data.2.8o68bnloe1i0@MSVirtualMachine-1    | [Service 3] Recebendo metadados de 'undefined' para salvar.
2025-11-07T01:13:46.216736505Z mystack_upload-data.2.8o68bnloe1i0@MSVirtualMachine-1    | [Service 3] Metadados salvos com sucesso. ID: 690d47ca27bd7a86679704d7

regeshengen@MSVirtualMachine-1:~$ sudo docker service logs --since 5m --timestamps mystack_mongo
2025-11-07T01:12:32.806942742Z mystack_mongo.1.szcs2ams3k1g@MSVirtualMachine-1    | {"t":{"$date":"2025-11-07T01:12:32.806+00:00"},"s":"I",  "c":"WTCHKPT",  "id":22430,   "ctx":"Checkpointer","msg":"WiredTiger message","attr":{"message":{"ts_sec":1762477952,"ts_usec":806581,"thread":"1:0x772f192476c0","session_name":"WT_SESSION.checkpoint","category":"WT_VERB_CHECKPOINT_PROGRESS","log_id":1000000,"category_id":7,"verbose_level":"INFO","verbose_level_id":0,"msg":"saving checkpoint snapshot min: 10, snapshot max: 10 snapshot count: 0, oldest timestamp: (0, 0) , meta checkpoint timestamp: (0, 0) base write gen: 7796"}}}
2025-11-07T01:13:32.855122896Z mystack_mongo.1.szcs2ams3k1g@MSVirtualMachine-1    | {"t":{"$date":"2025-11-07T01:13:32.854+00:00"},"s":"I",  "c":"WTCHKPT",  "id":22430,   "ctx":"Checkpointer","msg":"WiredTiger message","attr":{"message":{"ts_sec":1762478012,"ts_usec":854738,"thread":"1:0x772f192476c0","session_name":"WT_SESSION.checkpoint","category":"WT_VERB_CHECKPOINT_PROGRESS","log_id":1000000,"category_id":7,"verbose_level":"INFO","verbose_level_id":0,"msg":"saving checkpoint snapshot min: 11, snapshot max: 11 snapshot count: 0, oldest timestamp: (0, 0) , meta checkpoint timestamp: (0, 0) base write gen: 7796"}}}
2025-11-07T01:14:32.897380479Z mystack_mongo.1.szcs2ams3k1g@MSVirtualMachine-1    | {"t":{"$date":"2025-11-07T01:14:32.897+00:00"},"s":"I",  "c":"WTCHKPT",  "id":22430,   "ctx":"Checkpointer","msg":"WiredTiger message","attr":{"message":{"ts_sec":1762478072,"ts_usec":897060,"thread":"1:0x772f192476c0","session_name":"WT_SESSION.checkpoint","category":"WT_VERB_CHECKPOINT_PROGRESS","log_id":1000000,"category_id":7,"verbose_level":"INFO","verbose_level_id":0,"msg":"saving checkpoint snapshot min: 12, snapshot max: 12 snapshot count: 0, oldest timestamp: (0, 0) , meta checkpoint timestamp: (0, 0) base write gen: 7796"}}}
2025-11-07T01:15:32.929182511Z mystack_mongo.1.szcs2ams3k1g@MSVirtualMachine-1    | {"t":{"$date":"2025-11-07T01:15:32.928+00:00"},"s":"I",  "c":"WTCHKPT",  "id":22430,   "ctx":"Checkpointer","msg":"WiredTiger message","attr":{"message":{"ts_sec":1762478132,"ts_usec":928812,"thread":"1:0x772f192476c0","session_name":"WT_SESSION.checkpoint","category":"WT_VERB_CHECKPOINT_PROGRESS","log_id":1000000,"category_id":7,"verbose_level":"INFO","verbose_level_id":0,"msg":"saving checkpoint snapshot min: 13, snapshot max: 13 snapshot count: 0, oldest timestamp: (0, 0) , meta checkpoint timestamp: (0, 0) base write gen: 7796"}}}
2025-11-07T01:16:32.956035768Z mystack_mongo.1.szcs2ams3k1g@MSVirtualMachine-1    | {"t":{"$date":"2025-11-07T01:16:32.955+00:00"},"s":"I",  "c":"WTCHKPT",  "id":22430,   "ctx":"Checkpointer","msg":"WiredTiger message","attr":{"message":{"ts_sec":1762478192,"ts_usec":955728,"thread":"1:0x772f192476c0","session_name":"WT_SESSION.checkpoint","category":"WT_VERB_CHECKPOINT_PROGRESS","log_id":1000000,"category_id":7,"verbose_level":"INFO","verbose_level_id":0,"msg":"saving checkpoint snapshot min: 14, snapshot max: 14 snapshot count: 0, oldest timestamp: (0, 0) , meta checkpoint timestamp: (0, 0) base write gen: 7796"}}}
2025-11-07T01:12:33.151119093Z mystack_mongo.2.omxsdrtiknyn@MSVirtualMachine-2    | {"t":{"$date":"2025-11-07T01:12:33.150+00:00"},"s":"I",  "c":"WTCHKPT",  "id":22430,   "ctx":"Checkpointer","msg":"WiredTiger message","attr":{"message":{"ts_sec":1762477953,"ts_usec":150897,"thread":"1:0x77d06504d6c0","session_name":"WT_SESSION.checkpoint","category":"WT_VERB_CHECKPOINT_PROGRESS","log_id":1000000,"category_id":7,"verbose_level":"INFO","verbose_level_id":0,"msg":"saving checkpoint snapshot min: 7, snapshot max: 7 snapshot count: 0, oldest timestamp: (0, 0) , meta checkpoint timestamp: (0, 0) base write gen: 3563"}}}
2025-11-07T01:13:33.171387598Z mystack_mongo.2.omxsdrtiknyn@MSVirtualMachine-2    | {"t":{"$date":"2025-11-07T01:13:33.171+00:00"},"s":"I",  "c":"WTCHKPT",  "id":22430,   "ctx":"Checkpointer","msg":"WiredTiger message","attr":{"message":{"ts_sec":1762478013,"ts_usec":171184,"thread":"1:0x77d06504d6c0","session_name":"WT_SESSION.checkpoint","category":"WT_VERB_CHECKPOINT_PROGRESS","log_id":1000000,"category_id":7,"verbose_level":"INFO","verbose_level_id":0,"msg":"saving checkpoint snapshot min: 8, snapshot max: 8 snapshot count: 0, oldest timestamp: (0, 0) , meta checkpoint timestamp: (0, 0) base write gen: 3563"}}}
2025-11-07T01:13:46.127603687Z mystack_mongo.2.omxsdrtiknyn@MSVirtualMachine-2    | {"t":{"$date":"2025-11-07T01:13:46.127+00:00"},"s":"I",  "c":"NETWORK",  "id":22943,   "ctx":"listener","msg":"Connection accepted","attr":{"remote":"10.0.1.20:43066","isLoadBalanced":false,"uuid":{"uuid":{"$uuid":"ff12614d-b634-4474-97ce-dbb6f653f3df"}},"connectionId":3,"connectionCount":3}}
2025-11-07T01:13:46.128918895Z mystack_mongo.2.omxsdrtiknyn@MSVirtualMachine-2    | {"t":{"$date":"2025-11-07T01:13:46.128+00:00"},"s":"I",  "c":"NETWORK",  "id":51800,   "ctx":"conn3","msg":"client metadata","attr":{"remote":"10.0.1.20:43066","client":"conn3","negotiatedCompressors":[],"doc":{"driver":{"name":"nodejs","version":"6.17.0"},"platform":"Node.js v18.20.8, LE","os":{"name":"linux","architecture":"x64","version":"6.11.0-1018-azure","type":"Linux"},"env":{"container":{"runtime":"docker"}}}}}
2025-11-07T01:13:46.128938926Z mystack_mongo.2.omxsdrtiknyn@MSVirtualMachine-2    | {"t":{"$date":"2025-11-07T01:13:46.128+00:00"},"s":"I",  "c":"ACCESS",   "id":10483900,"ctx":"conn3","msg":"Connection not authenticating","attr":{"client":"10.0.1.20:43066","doc":{"driver":{"name":"nodejs","version":"6.17.0"},"platform":"Node.js v18.20.8, LE","os":{"name":"linux","architecture":"x64","version":"6.11.0-1018-azure","type":"Linux"},"env":{"container":{"runtime":"docker"}}}}}
2025-11-07T01:13:46.145647097Z mystack_mongo.2.omxsdrtiknyn@MSVirtualMachine-2    | {"t":{"$date":"2025-11-07T01:13:46.145+00:00"},"s":"I",  "c":"NETWORK",  "id":6788700, "ctx":"conn3","msg":"Received first command on ingress connection since session start or auth handshake","attr":{"elapsedMillis":16}}
2025-11-07T01:14:33.214004418Z mystack_mongo.2.omxsdrtiknyn@MSVirtualMachine-2    | {"t":{"$date":"2025-11-07T01:14:33.213+00:00"},"s":"I",  "c":"WTCHKPT",  "id":22430,   "ctx":"Checkpointer","msg":"WiredTiger message","attr":{"message":{"ts_sec":1762478073,"ts_usec":213768,"thread":"1:0x77d06504d6c0","session_name":"WT_SESSION.checkpoint","category":"WT_VERB_CHECKPOINT_PROGRESS","log_id":1000000,"category_id":7,"verbose_level":"INFO","verbose_level_id":0,"msg":"saving checkpoint snapshot min: 11, snapshot max: 11 snapshot count: 0, oldest timestamp: (0, 0) , meta checkpoint timestamp: (0, 0) base write gen: 3563"}}}
2025-11-07T01:15:33.238284617Z mystack_mongo.2.omxsdrtiknyn@MSVirtualMachine-2    | {"t":{"$date":"2025-11-07T01:15:33.238+00:00"},"s":"I",  "c":"WTCHKPT",  "id":22430,   "ctx":"Checkpointer","msg":"WiredTiger message","attr":{"message":{"ts_sec":1762478133,"ts_usec":238075,"thread":"1:0x77d06504d6c0","session_name":"WT_SESSION.checkpoint","category":"WT_VERB_CHECKPOINT_PROGRESS","log_id":1000000,"category_id":7,"verbose_level":"INFO","verbose_level_id":0,"msg":"saving checkpoint snapshot min: 12, snapshot max: 12 snapshot count: 0, oldest timestamp: (0, 0) , meta checkpoint timestamp: (0, 0) base write gen: 3563"}}}
2025-11-07T01:16:33.260313331Z mystack_mongo.2.omxsdrtiknyn@MSVirtualMachine-2    | {"t":{"$date":"2025-11-07T01:16:33.260+00:00"},"s":"I",  "c":"WTCHKPT",  "id":22430,   "ctx":"Checkpointer","msg":"WiredTiger message","attr":{"message":{"ts_sec":1762478193,"ts_usec":260091,"thread":"1:0x77d06504d6c0","session_name":"WT_SESSION.checkpoint","category":"WT_VERB_CHECKPOINT_PROGRESS","log_id":1000000,"category_id":7,"verbose_level":"INFO","verbose_level_id":0,"msg":"saving checkpoint snapshot min: 13, snapshot max: 13 snapshot count: 0, oldest timestamp: (0, 0) , meta checkpoint timestamp: (0, 0) base write gen: 3563"}}}