regeshengen@MSVirtualMachine-1:~$ sudo docker service logs --since 5m --timestamps mystack_user-publication-service
2025-10-30T00:32:13.530632151Z mystack_user-publication-service.2.vf0ylyd4gkm2@MSVirtualMachine-1    | [Java Service] Recebido upload. Título original: Title of Publication
2025-10-30T00:32:13.539381475Z mystack_user-publication-service.2.vf0ylyd4gkm2@MSVirtualMachine-1    | [Java Service] Metadados da imagem extraídos com sucesso. Tags encontradas: 145
2025-10-30T00:32:13.539518775Z mystack_user-publication-service.2.vf0ylyd4gkm2@MSVirtualMachine-1    | [Java Service] Buscando dados do usuário em: http://user-auth-service:8080/api/v1/uuid/a3b8d4f6-7e1c-4b9a-9d0f-2c5e1a8b7c6d
2025-10-30T00:32:13.549322201Z mystack_user-publication-service.2.vf0ylyd4gkm2@MSVirtualMachine-1    | [Java Service] Dados do usuário recebidos: admin
2025-10-30T00:32:13.549446902Z mystack_user-publication-service.2.vf0ylyd4gkm2@MSVirtualMachine-1    | [Java Service] Enviando payload combinado para o serviço Node.js em: http://get-data:8083/process-java-payload
2025-10-30T00:32:13.589916310Z mystack_user-publication-service.2.vf0ylyd4gkm2@MSVirtualMachine-1    | [Java Service] Resposta do serviço Node.js recebida. Status: 200 OK
regeshengen@MSVirtualMachine-1:~$ sudo docker service logs --since 5m --timestamps mystack_user-auth-service

regeshengen@MSVirtualMachine-1:~$ sudo docker service logs --since 5m --timestamps mystack_get-data
2025-10-30T00:32:13.555201217Z mystack_get-data.2.mcctnnzb57pn@MSVirtualMachine-1    | [Service 1 - Rota /process-java-payload] Payload do serviço Java recebido.
2025-10-30T00:32:13.555975019Z mystack_get-data.2.mcctnnzb57pn@MSVirtualMachine-1    | [Service 1] Payload adaptado. Enviando para o serviço de otimização...
2025-10-30T00:32:13.579636982Z mystack_get-data.2.mcctnnzb57pn@MSVirtualMachine-1    | [Service 1] Dados do Java enviados com sucesso para o serviço 2.

regeshengen@MSVirtualMachine-1:~$ sudo docker service logs --since 5m --timestamps mystack_optimize-data
2025-10-30T00:32:13.562932638Z mystack_optimize-data.1.rot4szc5mqph@MSVirtualMachine-1    | [Service 2] Dados de 'IMG_6160.jpeg' recebidos da fonte 'java-microservice'. Padronizando...
2025-10-30T00:32:13.563176938Z mystack_optimize-data.1.rot4szc5mqph@MSVirtualMachine-1    | [Service 2] Padronização completa. Enviando documento final para o serviço de upload...
2025-10-30T00:32:13.577346476Z mystack_optimize-data.1.rot4szc5mqph@MSVirtualMachine-1    | [Service 2] Documento enviado com sucesso para o serviço 3.

regeshengen@MSVirtualMachine-1:~$ sudo docker service logs --since 5m --timestamps mystack_upload-data
2025-10-30T00:32:13.571821761Z mystack_upload-data.2.x0prwfjr3u0w@MSVirtualMachine-1    | [Service 3] Recebendo metadados de 'undefined' para salvar.
2025-10-30T00:32:13.575264371Z mystack_upload-data.2.x0prwfjr3u0w@MSVirtualMachine-1    | [Service 3] Metadados salvos com sucesso. ID: 6902b20d542f6749127d81b7

regeshengen@MSVirtualMachine-1:~$ sudo docker service logs --since 5m --timestamps mystack_mongo
2025-10-30T00:30:19.028216425Z mystack_mongo.2.noxvgwpwmfjd@MSVirtualMachine-1    | {"t":{"$date":"2025-10-30T00:30:19.027+00:00"},"s":"I",  "c":"WTCHKPT",  "id":22430,   "ctx":"Checkpointer","msg":"WiredTiger message","attr":{"message":{"ts_sec":1761784219,"ts_usec":27911,"thread":"1:0x7a1bbb2926c0","session_name":"WT_SESSION.checkpoint","category":"WT_VERB_CHECKPOINT_PROGRESS","log_id":1000000,"category_id":7,"verbose_level":"INFO","verbose_level_id":0,"msg":"saving checkpoint snapshot min: 59, snapshot max: 59 snapshot count: 0, oldest timestamp: (0, 0) , meta checkpoint timestamp: (0, 0) base write gen: 7311"}}}
2025-10-30T00:31:19.055115083Z mystack_mongo.2.noxvgwpwmfjd@MSVirtualMachine-1    | {"t":{"$date":"2025-10-30T00:31:19.054+00:00"},"s":"I",  "c":"WTCHKPT",  "id":22430,   "ctx":"Checkpointer","msg":"WiredTiger message","attr":{"message":{"ts_sec":1761784279,"ts_usec":54679,"thread":"1:0x7a1bbb2926c0","session_name":"WT_SESSION.checkpoint","category":"WT_VERB_CHECKPOINT_PROGRESS","log_id":1000000,"category_id":7,"verbose_level":"INFO","verbose_level_id":0,"msg":"saving checkpoint snapshot min: 60, snapshot max: 60 snapshot count: 0, oldest timestamp: (0, 0) , meta checkpoint timestamp: (0, 0) base write gen: 7311"}}}
2025-10-30T00:32:19.083006972Z mystack_mongo.2.noxvgwpwmfjd@MSVirtualMachine-1    | {"t":{"$date":"2025-10-30T00:32:19.082+00:00"},"s":"I",  "c":"WTCHKPT",  "id":22430,   "ctx":"Checkpointer","msg":"WiredTiger message","attr":{"message":{"ts_sec":1761784339,"ts_usec":82654,"thread":"1:0x7a1bbb2926c0","session_name":"WT_SESSION.checkpoint","category":"WT_VERB_CHECKPOINT_PROGRESS","log_id":1000000,"category_id":7,"verbose_level":"INFO","verbose_level_id":0,"msg":"saving checkpoint snapshot min: 61, snapshot max: 61 snapshot count: 0, oldest timestamp: (0, 0) , meta checkpoint timestamp: (0, 0) base write gen: 7311"}}}
2025-10-30T00:33:19.114211868Z mystack_mongo.2.noxvgwpwmfjd@MSVirtualMachine-1    | {"t":{"$date":"2025-10-30T00:33:19.114+00:00"},"s":"I",  "c":"WTCHKPT",  "id":22430,   "ctx":"Checkpointer","msg":"WiredTiger message","attr":{"message":{"ts_sec":1761784399,"ts_usec":113963,"thread":"1:0x7a1bbb2926c0","session_name":"WT_SESSION.checkpoint","category":"WT_VERB_CHECKPOINT_PROGRESS","log_id":1000000,"category_id":7,"verbose_level":"INFO","verbose_level_id":0,"msg":"saving checkpoint snapshot min: 62, snapshot max: 62 snapshot count: 0, oldest timestamp: (0, 0) , meta checkpoint timestamp: (0, 0) base write gen: 7311"}}}
2025-10-30T00:34:19.139281082Z mystack_mongo.2.noxvgwpwmfjd@MSVirtualMachine-1    | {"t":{"$date":"2025-10-30T00:34:19.139+00:00"},"s":"I",  "c":"WTCHKPT",  "id":22430,   "ctx":"Checkpointer","msg":"WiredTiger message","attr":{"message":{"ts_sec":1761784459,"ts_usec":138968,"thread":"1:0x7a1bbb2926c0","session_name":"WT_SESSION.checkpoint","category":"WT_VERB_CHECKPOINT_PROGRESS","log_id":1000000,"category_id":7,"verbose_level":"INFO","verbose_level_id":0,"msg":"saving checkpoint snapshot min: 63, snapshot max: 63 snapshot count: 0, oldest timestamp: (0, 0) , meta checkpoint timestamp: (0, 0) base write gen: 7311"}}}
2025-10-30T00:30:18.020537957Z mystack_mongo.1.263tmc6fsg34@MSVirtualMachine-2    | {"t":{"$date":"2025-10-30T00:30:18.020+00:00"},"s":"I",  "c":"WTCHKPT",  "id":22430,   "ctx":"Checkpointer","msg":"WiredTiger message","attr":{"message":{"ts_sec":1761784218,"ts_usec":20346,"thread":"1:0x7796724376c0","session_name":"WT_SESSION.checkpoint","category":"WT_VERB_CHECKPOINT_PROGRESS","log_id":1000000,"category_id":7,"verbose_level":"INFO","verbose_level_id":0,"msg":"saving checkpoint snapshot min: 68, snapshot max: 68 snapshot count: 0, oldest timestamp: (0, 0) , meta checkpoint timestamp: (0, 0) base write gen: 3078"}}}
2025-10-30T00:31:18.037007522Z mystack_mongo.1.263tmc6fsg34@MSVirtualMachine-2    | {"t":{"$date":"2025-10-30T00:31:18.036+00:00"},"s":"I",  "c":"WTCHKPT",  "id":22430,   "ctx":"Checkpointer","msg":"WiredTiger message","attr":{"message":{"ts_sec":1761784278,"ts_usec":36816,"thread":"1:0x7796724376c0","session_name":"WT_SESSION.checkpoint","category":"WT_VERB_CHECKPOINT_PROGRESS","log_id":1000000,"category_id":7,"verbose_level":"INFO","verbose_level_id":0,"msg":"saving checkpoint snapshot min: 69, snapshot max: 69 snapshot count: 0, oldest timestamp: (0, 0) , meta checkpoint timestamp: (0, 0) base write gen: 3078"}}}
2025-10-30T00:32:18.054530101Z mystack_mongo.1.263tmc6fsg34@MSVirtualMachine-2    | {"t":{"$date":"2025-10-30T00:32:18.054+00:00"},"s":"I",  "c":"WTCHKPT",  "id":22430,   "ctx":"Checkpointer","msg":"WiredTiger message","attr":{"message":{"ts_sec":1761784338,"ts_usec":54325,"thread":"1:0x7796724376c0","session_name":"WT_SESSION.checkpoint","category":"WT_VERB_CHECKPOINT_PROGRESS","log_id":1000000,"category_id":7,"verbose_level":"INFO","verbose_level_id":0,"msg":"saving checkpoint snapshot min: 72, snapshot max: 72 snapshot count: 0, oldest timestamp: (0, 0) , meta checkpoint timestamp: (0, 0) base write gen: 3078"}}}
2025-10-30T00:33:18.077497256Z mystack_mongo.1.263tmc6fsg34@MSVirtualMachine-2    | {"t":{"$date":"2025-10-30T00:33:18.077+00:00"},"s":"I",  "c":"WTCHKPT",  "id":22430,   "ctx":"Checkpointer","msg":"WiredTiger message","attr":{"message":{"ts_sec":1761784398,"ts_usec":77285,"thread":"1:0x7796724376c0","session_name":"WT_SESSION.checkpoint","category":"WT_VERB_CHECKPOINT_PROGRESS","log_id":1000000,"category_id":7,"verbose_level":"INFO","verbose_level_id":0,"msg":"saving checkpoint snapshot min: 73, snapshot max: 73 snapshot count: 0, oldest timestamp: (0, 0) , meta checkpoint timestamp: (0, 0) base write gen: 3078"}}}
2025-10-30T00:34:18.094832788Z mystack_mongo.1.263tmc6fsg34@MSVirtualMachine-2    | {"t":{"$date":"2025-10-30T00:34:18.094+00:00"},"s":"I",  "c":"WTCHKPT",  "id":22430,   "ctx":"Checkpointer","msg":"WiredTiger message","attr":{"message":{"ts_sec":1761784458,"ts_usec":94648,"thread":"1:0x7796724376c0","session_name":"WT_SESSION.checkpoint","category":"WT_VERB_CHECKPOINT_PROGRESS","log_id":1000000,"category_id":7,"verbose_level":"INFO","verbose_level_id":0,"msg":"saving checkpoint snapshot min: 75, snapshot max: 75 snapshot count: 0, oldest timestamp: (0, 0) , meta checkpoint timestamp: (0, 0) base write gen: 3078"}}}
regeshengen@MSVirtualMachine-1:~$ 