regeshengen@MSVirtualMachine-1:~$ sudo docker service logs --since 5m --timestamps mystack_user-publication-service
2025-10-31T00:21:10.616681509Z mystack_user-publication-service.1.dr8d57tltadn@MSVirtualMachine-2    | [Java Service] Recebido upload. Título original: Title of Publication
2025-10-31T00:21:10.622406219Z mystack_user-publication-service.1.dr8d57tltadn@MSVirtualMachine-2    | [Java Service] Metadados da imagem extraídos com sucesso. Tags encontradas: 145
2025-10-31T00:21:10.622654478Z mystack_user-publication-service.1.dr8d57tltadn@MSVirtualMachine-2    | [Java Service] Buscando dados do usuário em: http://user-auth-service:8080/api/v1/uuid/a3b8d4f6-7e1c-4b9a-9d0f-2c5e1a8b7c6d
2025-10-31T00:21:10.638029034Z mystack_user-publication-service.1.dr8d57tltadn@MSVirtualMachine-2    | [Java Service] Dados do usuário recebidos: admin
2025-10-31T00:21:10.638201502Z mystack_user-publication-service.1.dr8d57tltadn@MSVirtualMachine-2    | [Java Service] Enviando payload combinado para o serviço Node.js em: http://get-data:8083/process-java-payload
2025-10-31T00:21:10.671604288Z mystack_user-publication-service.1.dr8d57tltadn@MSVirtualMachine-2    | [Java Service] Resposta do serviço Node.js recebida. Status: 200 OK

regeshengen@MSVirtualMachine-1:~$ sudo docker service logs --since 5m --timestamps mystack_user-auth-service
2025-10-31T00:21:10.635200800Z mystack_user-auth-service.1.wurga3o68tf6@MSVirtualMachine-1    | [Java Service] Usuário encontrado por UUID: admin (a3b8d4f6-7e1c-4b9a-9d0f-2c5e1a8b7c6d)
error from daemon in stream: Error grabbing logs: rpc error: code = Unknown desc = warning: incomplete log stream. some logs could not be retrieved for the following reasons: task 25fv2wg95c7inrwzkgyyz1zb7 has not been scheduled

regeshengen@MSVirtualMachine-1:~$ sudo docker service logs --since 5m --timestamps mystack_get-data
2025-10-31T00:21:10.644103235Z mystack_get-data.1.ou2dei5sligy@MSVirtualMachine-2    | [Service 1 - Rota /process-java-payload] Payload do serviço Java recebido.
2025-10-31T00:21:10.644162120Z mystack_get-data.1.ou2dei5sligy@MSVirtualMachine-2    | [Service 1] Payload adaptado. Enviando para o serviço de otimização...
2025-10-31T00:21:10.670073527Z mystack_get-data.1.ou2dei5sligy@MSVirtualMachine-2    | [Service 1] Dados do Java enviados com sucesso para o serviço 2.

regeshengen@MSVirtualMachine-1:~$ sudo docker service logs --since 5m --timestamps mystack_optimize-data
2025-10-31T00:21:10.651528747Z mystack_optimize-data.1.vyvzi688qjnz@MSVirtualMachine-1    | [Service 2] Dados de 'IMG_6160.jpeg' recebidos da fonte 'java-microservice'. Padronizando...
2025-10-31T00:21:10.652154149Z mystack_optimize-data.1.vyvzi688qjnz@MSVirtualMachine-1    | [Service 2] Padronização completa. Enviando documento final para o serviço de upload...
2025-10-31T00:21:10.668171796Z mystack_optimize-data.1.vyvzi688qjnz@MSVirtualMachine-1    | [Service 2] Documento enviado com sucesso para o serviço 3.

regeshengen@MSVirtualMachine-1:~$ sudo docker service logs --since 5m --timestamps mystack_upload-data
2025-10-31T00:21:10.660248173Z mystack_upload-data.2.jn4syi5uwx23@MSVirtualMachine-1    | [Service 3] Recebendo metadados de 'undefined' para salvar.
2025-10-31T00:21:10.665546188Z mystack_upload-data.2.jn4syi5uwx23@MSVirtualMachine-1    | [Service 3] Metadados salvos com sucesso. ID: 690400f6f0cea4af2e764076

regeshengen@MSVirtualMachine-1:~$ sudo docker service logs --since 5m --timestamps mystack_mongo
2025-10-31T00:18:45.118347814Z mystack_mongo.2.axgzqhvktjcx@MSVirtualMachine-1    | {"t":{"$date":"2025-10-31T00:18:45.118+00:00"},"s":"I",  "c":"WTCHKPT",  "id":22430,   "ctx":"Checkpointer","msg":"WiredTiger message","attr":{"message":{"ts_sec":1761869925,"ts_usec":118041,"thread":"1:0x78b8bd4f46c0","session_name":"WT_SESSION.checkpoint","category":"WT_VERB_CHECKPOINT_PROGRESS","log_id":1000000,"category_id":7,"verbose_level":"INFO","verbose_level_id":0,"msg":"saving checkpoint snapshot min: 51, snapshot max: 51 snapshot count: 0, oldest timestamp: (0, 0) , meta checkpoint timestamp: (0, 0) base write gen: 7585"}}}
2025-10-31T00:18:46.201085624Z mystack_mongo.1.ou28mocpyf4b@MSVirtualMachine-2    | {"t":{"$date":"2025-10-31T00:18:46.200+00:00"},"s":"I",  "c":"WTCHKPT",  "id":22430,   "ctx":"Checkpointer","msg":"WiredTiger message","attr":{"message":{"ts_sec":1761869926,"ts_usec":200797,"thread":"1:0x7b25343d56c0","session_name":"WT_SESSION.checkpoint","category":"WT_VERB_CHECKPOINT_PROGRESS","log_id":1000000,"category_id":7,"verbose_level":"INFO","verbose_level_id":0,"msg":"saving checkpoint snapshot min: 43, snapshot max: 43 snapshot count: 0, oldest timestamp: (0, 0) , meta checkpoint timestamp: (0, 0) base write gen: 3349"}}}
2025-10-31T00:19:45.145161465Z mystack_mongo.2.axgzqhvktjcx@MSVirtualMachine-1    | {"t":{"$date":"2025-10-31T00:19:45.144+00:00"},"s":"I",  "c":"WTCHKPT",  "id":22430,   "ctx":"Checkpointer","msg":"WiredTiger message","attr":{"message":{"ts_sec":1761869985,"ts_usec":144865,"thread":"1:0x78b8bd4f46c0","session_name":"WT_SESSION.checkpoint","category":"WT_VERB_CHECKPOINT_PROGRESS","log_id":1000000,"category_id":7,"verbose_level":"INFO","verbose_level_id":0,"msg":"saving checkpoint snapshot min: 52, snapshot max: 52 snapshot count: 0, oldest timestamp: (0, 0) , meta checkpoint timestamp: (0, 0) base write gen: 7585"}}}
2025-10-31T00:20:45.178765489Z mystack_mongo.2.axgzqhvktjcx@MSVirtualMachine-1    | {"t":{"$date":"2025-10-31T00:20:45.178+00:00"},"s":"I",  "c":"WTCHKPT",  "id":22430,   "ctx":"Checkpointer","msg":"WiredTiger message","attr":{"message":{"ts_sec":1761870045,"ts_usec":178258,"thread":"1:0x78b8bd4f46c0","session_name":"WT_SESSION.checkpoint","category":"WT_VERB_CHECKPOINT_PROGRESS","log_id":1000000,"category_id":7,"verbose_level":"INFO","verbose_level_id":0,"msg":"saving checkpoint snapshot min: 53, snapshot max: 53 snapshot count: 0, oldest timestamp: (0, 0) , meta checkpoint timestamp: (0, 0) base write gen: 7585"}}}
2025-10-31T00:21:45.211886140Z mystack_mongo.2.axgzqhvktjcx@MSVirtualMachine-1    | {"t":{"$date":"2025-10-31T00:21:45.211+00:00"},"s":"I",  "c":"WTCHKPT",  "id":22430,   "ctx":"Checkpointer","msg":"WiredTiger message","attr":{"message":{"ts_sec":1761870105,"ts_usec":211543,"thread":"1:0x78b8bd4f46c0","session_name":"WT_SESSION.checkpoint","category":"WT_VERB_CHECKPOINT_PROGRESS","log_id":1000000,"category_id":7,"verbose_level":"INFO","verbose_level_id":0,"msg":"saving checkpoint snapshot min: 57, snapshot max: 57 snapshot count: 0, oldest timestamp: (0, 0) , meta checkpoint timestamp: (0, 0) base write gen: 7585"}}}
2025-10-31T00:22:45.267557754Z mystack_mongo.2.axgzqhvktjcx@MSVirtualMachine-1    | {"t":{"$date":"2025-10-31T00:22:45.267+00:00"},"s":"I",  "c":"WTCHKPT",  "id":22430,   "ctx":"Checkpointer","msg":"WiredTiger message","attr":{"message":{"ts_sec":1761870165,"ts_usec":267206,"thread":"1:0x78b8bd4f46c0","session_name":"WT_SESSION.checkpoint","category":"WT_VERB_CHECKPOINT_PROGRESS","log_id":1000000,"category_id":7,"verbose_level":"INFO","verbose_level_id":0,"msg":"saving checkpoint snapshot min: 58, snapshot max: 58 snapshot count: 0, oldest timestamp: (0, 0) , meta checkpoint timestamp: (0, 0) base write gen: 7585"}}}
2025-10-31T00:19:46.221607123Z mystack_mongo.1.ou28mocpyf4b@MSVirtualMachine-2    | {"t":{"$date":"2025-10-31T00:19:46.221+00:00"},"s":"I",  "c":"WTCHKPT",  "id":22430,   "ctx":"Checkpointer","msg":"WiredTiger message","attr":{"message":{"ts_sec":1761869986,"ts_usec":221301,"thread":"1:0x7b25343d56c0","session_name":"WT_SESSION.checkpoint","category":"WT_VERB_CHECKPOINT_PROGRESS","log_id":1000000,"category_id":7,"verbose_level":"INFO","verbose_level_id":0,"msg":"saving checkpoint snapshot min: 44, snapshot max: 44 snapshot count: 0, oldest timestamp: (0, 0) , meta checkpoint timestamp: (0, 0) base write gen: 3349"}}}
2025-10-31T00:20:46.241691116Z mystack_mongo.1.ou28mocpyf4b@MSVirtualMachine-2    | {"t":{"$date":"2025-10-31T00:20:46.241+00:00"},"s":"I",  "c":"WTCHKPT",  "id":22430,   "ctx":"Checkpointer","msg":"WiredTiger message","attr":{"message":{"ts_sec":1761870046,"ts_usec":241363,"thread":"1:0x7b25343d56c0","session_name":"WT_SESSION.checkpoint","category":"WT_VERB_CHECKPOINT_PROGRESS","log_id":1000000,"category_id":7,"verbose_level":"INFO","verbose_level_id":0,"msg":"saving checkpoint snapshot min: 45, snapshot max: 45 snapshot count: 0, oldest timestamp: (0, 0) , meta checkpoint timestamp: (0, 0) base write gen: 3349"}}}
2025-10-31T00:21:46.265306771Z mystack_mongo.1.ou28mocpyf4b@MSVirtualMachine-2    | {"t":{"$date":"2025-10-31T00:21:46.265+00:00"},"s":"I",  "c":"WTCHKPT",  "id":22430,   "ctx":"Checkpointer","msg":"WiredTiger message","attr":{"message":{"ts_sec":1761870106,"ts_usec":265006,"thread":"1:0x7b25343d56c0","session_name":"WT_SESSION.checkpoint","category":"WT_VERB_CHECKPOINT_PROGRESS","log_id":1000000,"category_id":7,"verbose_level":"INFO","verbose_level_id":0,"msg":"saving checkpoint snapshot min: 46, snapshot max: 46 snapshot count: 0, oldest timestamp: (0, 0) , meta checkpoint timestamp: (0, 0) base write gen: 3349"}}}
2025-10-31T00:22:46.289733035Z mystack_mongo.1.ou28mocpyf4b@MSVirtualMachine-2    | {"t":{"$date":"2025-10-31T00:22:46.289+00:00"},"s":"I",  "c":"WTCHKPT",  "id":22430,   "ctx":"Checkpointer","msg":"WiredTiger message","attr":{"message":{"ts_sec":1761870166,"ts_usec":289422,"thread":"1:0x7b25343d56c0","session_name":"WT_SESSION.checkpoint","category":"WT_VERB_CHECKPOINT_PROGRESS","log_id":1000000,"category_id":7,"verbose_level":"INFO","verbose_level_id":0,"msg":"saving checkpoint snapshot min: 47, snapshot max: 47 snapshot count: 0, oldest timestamp: (0, 0) , meta checkpoint timestamp: (0, 0) base write gen: 3349"}}}