regeshengen@MSVirtualMachine-1:~$ sudo docker service logs --since 5m --timestamps mystack_user-publication-service
2025-10-31T00:28:42.676144219Z mystack_user-publication-service.2.na44iklnkhq8@MSVirtualMachine-1    | [Java Service] Recebido upload. Título original: Title of Publication
2025-10-31T00:28:42.687733943Z mystack_user-publication-service.2.na44iklnkhq8@MSVirtualMachine-1    | [Java Service] Metadados da imagem extraídos com sucesso. Tags encontradas: 145
2025-10-31T00:28:42.687894543Z mystack_user-publication-service.2.na44iklnkhq8@MSVirtualMachine-1    | [Java Service] Buscando dados do usuário em: http://user-auth-service:8080/api/v1/uuid/a3b8d4f6-7e1c-4b9a-9d0f-2c5e1a8b7c6d
2025-10-31T00:28:42.918344118Z mystack_user-publication-service.2.na44iklnkhq8@MSVirtualMachine-1    | [Java Service] Dados do usuário recebidos: admin
2025-10-31T00:28:42.918534418Z mystack_user-publication-service.2.na44iklnkhq8@MSVirtualMachine-1    | [Java Service] Enviando payload combinado para o serviço Node.js em: http://get-data:8083/process-java-payload
2025-10-31T00:28:42.958090900Z mystack_user-publication-service.2.na44iklnkhq8@MSVirtualMachine-1    | [Java Service] Resposta do serviço Node.js recebida. Status: 200 OK

regeshengen@MSVirtualMachine-1:~$ sudo docker service logs --since 5m --timestamps mystack_user-auth-service
2025-10-31T00:28:42.776668907Z mystack_user-auth-service.2.yekf0tsitp62@MSVirtualMachine-2    | 2025-10-31T00:28:42.774Z  INFO 1 --- [demo] [nio-8080-exec-1] o.a.c.c.C.[Tomcat].[localhost].[/]       : Initializing Spring DispatcherServlet 'dispatcherServlet'
2025-10-31T00:28:42.776741317Z mystack_user-auth-service.2.yekf0tsitp62@MSVirtualMachine-2    | 2025-10-31T00:28:42.774Z  INFO 1 --- [demo] [nio-8080-exec-1] o.s.web.servlet.DispatcherServlet        : Initializing Servlet 'dispatcherServlet'
2025-10-31T00:28:42.777568473Z mystack_user-auth-service.2.yekf0tsitp62@MSVirtualMachine-2    | 2025-10-31T00:28:42.777Z  INFO 1 --- [demo] [nio-8080-exec-1] o.s.web.servlet.DispatcherServlet        : Completed initialization in 2 ms
2025-10-31T00:28:42.838742901Z mystack_user-auth-service.2.yekf0tsitp62@MSVirtualMachine-2    | [Java Service] Usuário encontrado por UUID: admin (a3b8d4f6-7e1c-4b9a-9d0f-2c5e1a8b7c6d)
error from daemon in stream: Error grabbing logs: rpc error: code = Unknown desc = warning: incomplete log stream. some logs could not be retrieved for the following reasons: task 25fv2wg95c7inrwzkgyyz1zb7 has not been scheduled

regeshengen@MSVirtualMachine-1:~$ sudo docker service logs --since 5m --timestamps mystack_get-data
2025-10-31T00:28:42.928909740Z mystack_get-data.2.jsva5z1g2vkm@MSVirtualMachine-1    | [Service 1 - Rota /process-java-payload] Payload do serviço Java recebido.
2025-10-31T00:28:42.929174540Z mystack_get-data.2.jsva5z1g2vkm@MSVirtualMachine-1    | [Service 1] Payload adaptado. Enviando para o serviço de otimização...
2025-10-31T00:28:42.956572296Z mystack_get-data.2.jsva5z1g2vkm@MSVirtualMachine-1    | [Service 1] Dados do Java enviados com sucesso para o serviço 2.

regeshengen@MSVirtualMachine-1:~$ sudo docker service logs --since 5m --timestamps mystack_optimize-data
2025-10-31T00:28:42.937355157Z mystack_optimize-data.1.vyvzi688qjnz@MSVirtualMachine-1    | [Service 2] Dados de 'IMG_6160.jpeg' recebidos da fonte 'java-microservice'. Padronizando...
2025-10-31T00:28:42.937794158Z mystack_optimize-data.1.vyvzi688qjnz@MSVirtualMachine-1    | [Service 2] Padronização completa. Enviando documento final para o serviço de upload...
2025-10-31T00:28:42.953333990Z mystack_optimize-data.1.vyvzi688qjnz@MSVirtualMachine-1    | [Service 2] Documento enviado com sucesso para o serviço 3.

regeshengen@MSVirtualMachine-1:~$ sudo docker service logs --since 5m --timestamps mystack_upload-data
2025-10-31T00:28:42.944501644Z mystack_upload-data.1.6rpu7gk2lffp@MSVirtualMachine-2    | [Service 3] Recebendo metadados de 'undefined' para salvar.
2025-10-31T00:28:42.948222624Z mystack_upload-data.1.6rpu7gk2lffp@MSVirtualMachine-2    | [Service 3] Metadados salvos com sucesso. ID: 690402baed274c26b31f8520

regeshengen@MSVirtualMachine-1:~$ sudo docker service logs --since 5m --timestamps mystack_mongo
2025-10-31T00:25:46.380506482Z mystack_mongo.1.ou28mocpyf4b@MSVirtualMachine-2    | {"t":{"$date":"2025-10-31T00:25:46.380+00:00"},"s":"I",  "c":"WTCHKPT",  "id":22430,   "ctx":"Checkpointer","msg":"WiredTiger message","attr":{"message":{"ts_sec":1761870346,"ts_usec":380159,"thread":"1:0x7b25343d56c0","session_name":"WT_SESSION.checkpoint","category":"WT_VERB_CHECKPOINT_PROGRESS","log_id":1000000,"category_id":7,"verbose_level":"INFO","verbose_level_id":0,"msg":"saving checkpoint snapshot min: 50, snapshot max: 50 snapshot count: 0, oldest timestamp: (0, 0) , meta checkpoint timestamp: (0, 0) base write gen: 3349"}}}
2025-10-31T00:26:46.400341471Z mystack_mongo.1.ou28mocpyf4b@MSVirtualMachine-2    | {"t":{"$date":"2025-10-31T00:26:46.400+00:00"},"s":"I",  "c":"WTCHKPT",  "id":22430,   "ctx":"Checkpointer","msg":"WiredTiger message","attr":{"message":{"ts_sec":1761870406,"ts_usec":400053,"thread":"1:0x7b25343d56c0","session_name":"WT_SESSION.checkpoint","category":"WT_VERB_CHECKPOINT_PROGRESS","log_id":1000000,"category_id":7,"verbose_level":"INFO","verbose_level_id":0,"msg":"saving checkpoint snapshot min: 51, snapshot max: 51 snapshot count: 0, oldest timestamp: (0, 0) , meta checkpoint timestamp: (0, 0) base write gen: 3349"}}}
2025-10-31T00:27:46.435794798Z mystack_mongo.1.ou28mocpyf4b@MSVirtualMachine-2    | {"t":{"$date":"2025-10-31T00:27:46.435+00:00"},"s":"I",  "c":"WTCHKPT",  "id":22430,   "ctx":"Checkpointer","msg":"WiredTiger message","attr":{"message":{"ts_sec":1761870466,"ts_usec":435511,"thread":"1:0x7b25343d56c0","session_name":"WT_SESSION.checkpoint","category":"WT_VERB_CHECKPOINT_PROGRESS","log_id":1000000,"category_id":7,"verbose_level":"INFO","verbose_level_id":0,"msg":"saving checkpoint snapshot min: 52, snapshot max: 52 snapshot count: 0, oldest timestamp: (0, 0) , meta checkpoint timestamp: (0, 0) base write gen: 3349"}}}
2025-10-31T00:28:46.466268934Z mystack_mongo.1.ou28mocpyf4b@MSVirtualMachine-2    | {"t":{"$date":"2025-10-31T00:28:46.465+00:00"},"s":"I",  "c":"WTCHKPT",  "id":22430,   "ctx":"Checkpointer","msg":"WiredTiger message","attr":{"message":{"ts_sec":1761870526,"ts_usec":465917,"thread":"1:0x7b25343d56c0","session_name":"WT_SESSION.checkpoint","category":"WT_VERB_CHECKPOINT_PROGRESS","log_id":1000000,"category_id":7,"verbose_level":"INFO","verbose_level_id":0,"msg":"saving checkpoint snapshot min: 53, snapshot max: 53 snapshot count: 0, oldest timestamp: (0, 0) , meta checkpoint timestamp: (0, 0) base write gen: 3349"}}}
2025-10-31T00:29:46.487621022Z mystack_mongo.1.ou28mocpyf4b@MSVirtualMachine-2    | {"t":{"$date":"2025-10-31T00:29:46.487+00:00"},"s":"I",  "c":"WTCHKPT",  "id":22430,   "ctx":"Checkpointer","msg":"WiredTiger message","attr":{"message":{"ts_sec":1761870586,"ts_usec":487266,"thread":"1:0x7b25343d56c0","session_name":"WT_SESSION.checkpoint","category":"WT_VERB_CHECKPOINT_PROGRESS","log_id":1000000,"category_id":7,"verbose_level":"INFO","verbose_level_id":0,"msg":"saving checkpoint snapshot min: 54, snapshot max: 54 snapshot count: 0, oldest timestamp: (0, 0) , meta checkpoint timestamp: (0, 0) base write gen: 3349"}}}
2025-10-31T00:25:45.385252857Z mystack_mongo.2.axgzqhvktjcx@MSVirtualMachine-1    | {"t":{"$date":"2025-10-31T00:25:45.385+00:00"},"s":"I",  "c":"WTCHKPT",  "id":22430,   "ctx":"Checkpointer","msg":"WiredTiger message","attr":{"message":{"ts_sec":1761870345,"ts_usec":384962,"thread":"1:0x78b8bd4f46c0","session_name":"WT_SESSION.checkpoint","category":"WT_VERB_CHECKPOINT_PROGRESS","log_id":1000000,"category_id":7,"verbose_level":"INFO","verbose_level_id":0,"msg":"saving checkpoint snapshot min: 61, snapshot max: 61 snapshot count: 0, oldest timestamp: (0, 0) , meta checkpoint timestamp: (0, 0) base write gen: 7585"}}}
2025-10-31T00:26:45.418348805Z mystack_mongo.2.axgzqhvktjcx@MSVirtualMachine-1    | {"t":{"$date":"2025-10-31T00:26:45.418+00:00"},"s":"I",  "c":"WTCHKPT",  "id":22430,   "ctx":"Checkpointer","msg":"WiredTiger message","attr":{"message":{"ts_sec":1761870405,"ts_usec":418035,"thread":"1:0x78b8bd4f46c0","session_name":"WT_SESSION.checkpoint","category":"WT_VERB_CHECKPOINT_PROGRESS","log_id":1000000,"category_id":7,"verbose_level":"INFO","verbose_level_id":0,"msg":"saving checkpoint snapshot min: 62, snapshot max: 62 snapshot count: 0, oldest timestamp: (0, 0) , meta checkpoint timestamp: (0, 0) base write gen: 7585"}}}
2025-10-31T00:27:45.456316586Z mystack_mongo.2.axgzqhvktjcx@MSVirtualMachine-1    | {"t":{"$date":"2025-10-31T00:27:45.456+00:00"},"s":"I",  "c":"WTCHKPT",  "id":22430,   "ctx":"Checkpointer","msg":"WiredTiger message","attr":{"message":{"ts_sec":1761870465,"ts_usec":455942,"thread":"1:0x78b8bd4f46c0","session_name":"WT_SESSION.checkpoint","category":"WT_VERB_CHECKPOINT_PROGRESS","log_id":1000000,"category_id":7,"verbose_level":"INFO","verbose_level_id":0,"msg":"saving checkpoint snapshot min: 63, snapshot max: 63 snapshot count: 0, oldest timestamp: (0, 0) , meta checkpoint timestamp: (0, 0) base write gen: 7585"}}}
2025-10-31T00:28:45.483909312Z mystack_mongo.2.axgzqhvktjcx@MSVirtualMachine-1    | {"t":{"$date":"2025-10-31T00:28:45.483+00:00"},"s":"I",  "c":"WTCHKPT",  "id":22430,   "ctx":"Checkpointer","msg":"WiredTiger message","attr":{"message":{"ts_sec":1761870525,"ts_usec":483602,"thread":"1:0x78b8bd4f46c0","session_name":"WT_SESSION.checkpoint","category":"WT_VERB_CHECKPOINT_PROGRESS","log_id":1000000,"category_id":7,"verbose_level":"INFO","verbose_level_id":0,"msg":"saving checkpoint snapshot min: 66, snapshot max: 66 snapshot count: 0, oldest timestamp: (0, 0) , meta checkpoint timestamp: (0, 0) base write gen: 7585"}}}
2025-10-31T00:29:45.513226471Z mystack_mongo.2.axgzqhvktjcx@MSVirtualMachine-1    | {"t":{"$date":"2025-10-31T00:29:45.512+00:00"},"s":"I",  "c":"WTCHKPT",  "id":22430,   "ctx":"Checkpointer","msg":"WiredTiger message","attr":{"message":{"ts_sec":1761870585,"ts_usec":512885,"thread":"1:0x78b8bd4f46c0","session_name":"WT_SESSION.checkpoint","category":"WT_VERB_CHECKPOINT_PROGRESS","log_id":1000000,"category_id":7,"verbose_level":"INFO","verbose_level_id":0,"msg":"saving checkpoint snapshot min: 67, snapshot max: 67 snapshot count: 0, oldest timestamp: (0, 0) , meta checkpoint timestamp: (0, 0) base write gen: 7585"}}}